[INFO] Scanning for projects...
[INFO] 
[INFO] -----------------------< com.example:CompSysten >-----------------------
[INFO] Building CompSysten 0.0.1-SNAPSHOT
[INFO]   from pom.xml
[INFO] --------------------------------[ jar ]---------------------------------
[INFO] 
[INFO] --- resources:3.3.1:resources (default-resources) @ CompSysten ---
[INFO] Copying 1 resource from src\main\resources to target\classes
[INFO] Copying 0 resource from src\main\resources to target\classes
[INFO] 
[INFO] --- compiler:3.14.1:compile (default-compile) @ CompSysten ---
[INFO] Recompiling the module because of changed source code.
[INFO] Compiling 24 source files with javac [debug parameters release 17] to target\classes
[INFO] -------------------------------------------------------------
[ERROR] COMPILATION ERROR : 
[INFO] -------------------------------------------------------------
[ERROR] /C:/Users/Sidharth/IdeaProjects/CompSysten/src/main/java/com/example/compsysten/config/SecurityConfig.java:[64,37] constructor DaoAuthenticationProvider in class org.springframework.security.authentication.dao.DaoAuthenticationProvider cannot be applied to given types;
  required: org.springframework.security.core.userdetails.UserDetailsService
  found:    no arguments
  reason: actual and formal argument lists differ in length
[ERROR] /C:/Users/Sidharth/IdeaProjects/CompSysten/src/main/java/com/example/compsysten/config/SecurityConfig.java:[65,17] cannot find symbol
  symbol: method setUserDetailsService(com.example.compsysten.security.CustomUserDetailsService)
[INFO] 2 errors 
[INFO] -------------------------------------------------------------
[INFO] ------------------------------------------------------------------------
[INFO] BUILD FAILURE
[INFO] ------------------------------------------------------------------------
[INFO] Total time:  4.707 s
[INFO] Finished at: 2026-03-09T10:11:55+05:30
[INFO] ------------------------------------------------------------------------
[ERROR] Failed to execute goal org.apache.maven.plugins:maven-compiler-plugin:3.14.1:compile (default-compile) on project CompSysten: Compilation failure: Compilation failure: 
[ERROR] /C:/Users/Sidharth/IdeaProjects/CompSysten/src/main/java/com/example/compsysten/config/SecurityConfig.java:[64,37] constructor DaoAuthenticationProvider in class org.springframework.security.authentication.dao.DaoAuthenticationProvider cannot be applied to given types;
[ERROR]   required: org.springframework.security.core.userdetails.UserDetailsService
[ERROR]   found:    no arguments
[ERROR]   reason: actual and formal argument lists differ in length
[ERROR] /C:/Users/Sidharth/IdeaProjects/CompSysten/src/main/java/com/example/compsysten/config/SecurityConfig.java:[65,17] cannot find symbol
[ERROR]   symbol: method setUserDetailsService(com.example.compsysten.security.CustomUserDetailsService)
[ERROR] -> [Help 1]
[ERROR] 
[ERROR] To see the full stack trace of the errors, re-run Maven with the -e switch.
[ERROR] Re-run Maven using the -X switch to enable full debug logging.
[ERROR] 
[ERROR] For more information about the errors and possible solutions, please read the following articles:
[ERROR] [Help 1] http://cwiki.apache.org/confluence/display/MAVEN/MojoFailureException
